// Jest Snapshot v1, https://goo.gl/fbAQLP

exports[`should render the component 1`] = `
<form>
  <p>profile form</p> <input type="text"> <input type="text"> <button type="submit">Save</button>
</form>
`;
