// Jest Snapshot v1, https://goo.gl/fbAQLP

exports[`should render the component 1`] = `<form><input type="text" placeholder="Email"> <input type="password" placeholder="Password"> <input type="password" placeholder="Password Again"> <button type="submit">Sign Up</button></form>`;
