// Jest Snapshot v1, https://goo.gl/fbAQLP

exports[`should render the component with user prop 1`] = `<p>Arthur</p>`;
