// Jest Snapshot v1, https://goo.gl/fbAQLP

exports[`should render the component 1`] = `
<vlayout-stub tag="div" justify-center="" align-center="">
  <div>
    <loginform-stub></loginform-stub>
    <div class="mt-3 text-xs-center">
      <vbtn-stub activeclass="v-btn--active" flat="true" tag="button" type="button" to="/signup" color="teal">
        Go to Sign Up
      </vbtn-stub>
    </div>
  </div>
</vlayout-stub>
`;
