// Jest Snapshot v1, https://goo.gl/fbAQLP

exports[`should render the component 1`] = `
<div>
  <h1>Your Profile</h1>
  <profileform-stub user="[object Object]"></profileform-stub>
</div>
`;
